// Jest Snapshot v1, https://goo.gl/fbAQLP

exports[`PomContainer should matchsnapshot 1`] = `
<div
  className="pom-container"
>
  <div
    className="pom-cards"
  >
    <i
      class="fas fa-trash-alt"
      onClick={[Function]}
    />
    <h4>
      0
       
    </h4>
    <p>
      undefinedsec undefinedmin undefinedhour
    </p>
  </div>
</div>
`;
